02-21 23:51:14.467  1913  2150 E EGL_adreno: tid 2150: eglSurfaceAttrib(1328): error 0x3009 (EGL_BAD_MATCH)
02-21 23:57:18.373  2782  2782 E memtrack: Couldn't load memtrack module (No such file or directory)
02-21 23:57:18.373  2782  2782 E android.os.Debug: failed to load memtrack module: -2
02-21 23:57:22.492  1765  1765 E PhoneInterfaceManager: [PhoneIntfMgr] getCarrierPackageNamesForIntent: No UICC
02-21 23:57:22.556  1765  1765 E PhoneInterfaceManager: [PhoneIntfMgr] getCarrierPackageNamesForIntent: No UICC
02-21 23:57:23.706  1448  1448 E NetdConnector: NDC Command {29 network permission user clear 10034} took too long (872ms)
02-21 23:57:31.134  2792  2792 E memtrack: Couldn't load memtrack module (No such file or directory)
02-21 23:57:31.134  2792  2792 E android.os.Debug: failed to load memtrack module: -2
02-21 23:57:31.135  2821  2821 E memtrack: Couldn't load memtrack module (No such file or directory)
02-21 23:57:31.135  2821  2821 E android.os.Debug: failed to load memtrack module: -2
02-21 23:57:34.595  1448  1462 E ActivityManager: Failure starting process com.example.androidP2PDemo
02-21 23:57:34.595  1448  1462 E ActivityManager: java.lang.SecurityException: Package com.example.androidP2PDemo is currently frozen!
02-21 23:57:34.595  1448  1462 E ActivityManager: 	at com.android.server.pm.PackageManagerService.checkPackageStartable(PackageManagerService.java:3229)
02-21 23:57:34.595  1448  1462 E ActivityManager: 	at com.android.server.am.ActivityManagerService.startProcessLocked(ActivityManagerService.java:3717)
02-21 23:57:34.595  1448  1462 E ActivityManager: 	at com.android.server.am.ActivityManagerService.startProcessLocked(ActivityManagerService.java:3677)
02-21 23:57:34.595  1448  1462 E ActivityManager: 	at com.android.server.am.ActivityManagerService.startProcessLocked(ActivityManagerService.java:3558)
02-21 23:57:34.595  1448  1462 E ActivityManager: 	at com.android.server.am.ActivityStackSupervisor.startSpecificActivityLocked(ActivityStackSupervisor.java:1419)
02-21 23:57:34.595  1448  1462 E ActivityManager: 	at com.android.server.am.ActivityStack.resumeTopActivityInnerLocked(ActivityStack.java:2585)
02-21 23:57:34.595  1448  1462 E ActivityManager: 	at com.android.server.am.ActivityStack.resumeTopActivityUncheckedLocked(ActivityStack.java:2131)
02-21 23:57:34.595  1448  1462 E ActivityManager: 	at com.android.server.am.ActivityStackSupervisor.resumeFocusedStackTopActivityLocked(ActivityStackSupervisor.java:1833)
02-21 23:57:34.595  1448  1462 E ActivityManager: 	at com.android.server.am.ActivityStackSupervisor.resumeFocusedStackTopActivityLocked(ActivityStackSupervisor.java:1823)
02-21 23:57:34.595  1448  1462 E ActivityManager: 	at com.android.server.am.ActivityManagerService.handleAppDiedLocked(ActivityManagerService.java:5202)
02-21 23:57:34.595  1448  1462 E ActivityManager: 	at com.android.server.am.ActivityManagerService.removeProcessLocked(ActivityManagerService.java:6486)
02-21 23:57:34.595  1448  1462 E ActivityManager: 	at com.android.server.am.ActivityManagerService.killPackageProcessesLocked(ActivityManagerService.java:6140)
02-21 23:57:34.595  1448  1462 E ActivityManager: 	at com.android.server.am.ActivityManagerService.forceStopPackageLocked(ActivityManagerService.java:6272)
02-21 23:57:34.595  1448  1462 E ActivityManager: 	at com.android.server.am.ActivityManagerService$MainHandler.handleMessage(ActivityManagerService.java:1903)
02-21 23:57:34.595  1448  1462 E ActivityManager: 	at android.os.Handler.dispatchMessage(Handler.java:102)
02-21 23:57:34.595  1448  1462 E ActivityManager: 	at android.os.Looper.loop(Looper.java:154)
02-21 23:57:34.595  1448  1462 E ActivityManager: 	at android.os.HandlerThread.run(HandlerThread.java:61)
02-21 23:57:34.595  1448  1462 E ActivityManager: 	at com.android.server.ServiceThread.run(ServiceThread.java:46)
02-21 23:57:34.704  1913  2150 E EGL_adreno: tid 2150: eglSurfaceAttrib(1328): error 0x3009 (EGL_BAD_MATCH)
02-21 23:57:34.985  1765  1765 E PhoneInterfaceManager: [PhoneIntfMgr] getCarrierPackageNamesForIntent: No UICC
02-21 23:57:34.987  1765  1765 E PhoneInterfaceManager: [PhoneIntfMgr] getCarrierPackageNamesForIntent: No UICC
02-21 23:57:35.995  2886  2886 E memtrack: Couldn't load memtrack module (No such file or directory)
02-21 23:57:35.995  2886  2886 E android.os.Debug: failed to load memtrack module: -2
02-21 23:57:38.675  2893     0 E Go      : panic: runtime error: invalid memory address or nil pointer dereference
02-21 23:57:38.675  2893     0 E Go      : [signal SIGSEGV: segmentation violation code=0x1 addr=0x70 pc=0x7fffd95118c3]
02-21 23:57:38.675  2893     0 E Go      : 
02-21 23:57:38.675  2893     0 E Go      : goroutine 51 [running]:
02-21 23:57:38.675  2893     0 E Go      : main.NewP2PServer(0x7fffd9996180, 0xc0000a0000, 0xc00032c090, 0xc00032c1b0, 0x1, 0x0, 0x0, 0x0, 0x7fffd91474b0, 0xc0003b0000, ...)
02-21 23:57:38.675  2893     0 E Go      : 	E:/GOPATH/src/p2pDemo/androidP2PDemo/myhost.go:68 +0x4e3
02-21 23:57:38.675  2893     0 E Go      : main.main.func3()
02-21 23:57:38.675  2893     0 E Go      : 	E:/GOPATH/src/p2pDemo/androidP2PDemo/main.go:82 +0xb5
02-21 23:57:38.675  2893     0 E Go      : fyne.io/fyne/v2/widget.(*Button).Tapped(0xc0003aa320, 0xc00150be30)
02-21 23:57:38.675  2893     0 E Go      : 	E:/GOPATH/pkg/mod/fyne.io/fyne/v2@v2.0.0/widget/button.go:175 +0x74
02-21 23:57:38.675  2893     0 E Go      : created by fyne.io/fyne/v2/internal/driver/gomobile.(*mobileDriver).tapUpCanvas.func1
02-21 23:57:38.675  2893     0 E Go      : 	E:/GOPATH/pkg/mod/fyne.io/fyne/v2@v2.0.0/internal/driver/gomobile/driver.go:269 +0x4f
02-21 23:57:38.675  2893  2926 F libc    : Fatal signal 6 (SIGABRT), code -6 in tid 2926 (.androidP2PDemo)
02-21 23:57:38.750  2928  2928 F DEBUG   : *** *** *** *** *** *** *** *** *** *** *** *** *** *** *** ***
02-21 23:57:38.750  2928  2928 F DEBUG   : Build fingerprint: 'google/android_x86_64/x86_64:7.1.2/N2G47O/3636322:/release-keys'
02-21 23:57:38.750  2928  2928 F DEBUG   : Revision: '0'
02-21 23:57:38.750  2928  2928 F DEBUG   : ABI: 'x86_64'
02-21 23:57:38.750  2928  2928 F DEBUG   : pid: 2893, tid: 2926, name: .androidP2PDemo  >>> com.example.androidP2PDemo <<<
02-21 23:57:38.750  2928  2928 F DEBUG   : signal 6 (SIGABRT), code -6 (SI_TKILL), fault addr --------
02-21 23:57:38.750  2928  2928 F DEBUG   :     rax 0000000000000000  rbx 0000000000000000  rcx ffffffffffffffff  rdx 0000000000000006
02-21 23:57:38.750  2928  2928 F DEBUG   :     rsi 0000000000000b6e  rdi 0000000000000b4d
02-21 23:57:38.750  2928  2928 F DEBUG   :     r8  00007fffd9519bdc  r9  0000000000000056  r10 0000000000000008  r11 0000000000000246
02-21 23:57:38.750  2928  2928 F DEBUG   :     r12 0000000000000b4d  r13 00007fffd9f184a0  r14 0000000000000000  r15 00007fffd8e8b100
02-21 23:57:38.750  2928  2928 F DEBUG   :     cs  0000000000000033  ss  000000000000002b
02-21 23:57:38.750  2928  2928 F DEBUG   :     rip 00007fffd8e8c941  rbp 000000c001a79bc0  rsp 000000c001a79ba8  eflags 0000000000000246
02-21 23:57:38.751  2928  2928 F DEBUG   : 
02-21 23:57:38.751  2928  2928 F DEBUG   : backtrace:
02-21 23:57:38.751  2928  2928 F DEBUG   :     #00 pc 0000000000626941  /data/app/com.example.androidP2PDemo-1/lib/x86_64/libandroidP2PDemo.so (runtime.raise+33)
02-21 23:57:38.751  2928  2928 F DEBUG   :     #01 pc 00000000005ef4cc  /data/app/com.example.androidP2PDemo-1/lib/x86_64/libandroidP2PDemo.so (runtime.fatalpanic+172)
02-21 23:57:38.751  2928  2928 F DEBUG   :     #02 pc 00000000005eee04  /data/app/com.example.androidP2PDemo-1/lib/x86_64/libandroidP2PDemo.so (runtime.gopanic+1348)
02-21 23:57:38.751  2928  2928 F DEBUG   :     #03 pc 0000000000604d32  /data/app/com.example.androidP2PDemo-1/lib/x86_64/libandroidP2PDemo.so (runtime.sigpanic+1042)
02-21 23:57:38.751  2928  2928 F DEBUG   :     #04 pc 0000000000cab8c2  /data/app/com.example.androidP2PDemo-1/lib/x86_64/libandroidP2PDemo.so (main.NewP2PServer+1250)
02-21 23:57:38.752  2928  2928 F DEBUG   :     #05 pc 0000000000cac814  /data/app/com.example.androidP2PDemo-1/lib/x86_64/libandroidP2PDemo.so (main.main.func3+180)
02-21 23:57:38.752  2928  2928 F DEBUG   :     #06 pc 00000000009a4833  /data/app/com.example.androidP2PDemo-1/lib/x86_64/libandroidP2PDemo.so (fyne.io/fyne/v2/widget.(*Button).Tapped+115)
02-21 23:57:38.752  2928  2928 F DEBUG   :     #07 pc 0000000000625100  /data/app/com.example.androidP2PDemo-1/lib/x86_64/libandroidP2PDemo.so (runtime.goexit)
02-21 23:57:39.728  1448  1523 E InputDispatcher: channel 'a9d9335 com.example.androidP2PDemo/org.golang.app.GoNativeActivity (server)' ~ Channel is unrecoverably broken and will be disposed!
02-21 23:57:39.932  1913  2150 E EGL_adreno: tid 2150: eglSurfaceAttrib(1328): error 0x3009 (EGL_BAD_MATCH)
02-21 23:57:39.946  1448  2583 E EGL_adreno: tid 2583: eglSurfaceAttrib(1328): error 0x3009 (EGL_BAD_MATCH)
02-21 23:58:20.919  1448  1785 E ActivityManager: applyOptionsLocked: Unknown animationType=0
02-21 23:58:23.874  2132  2965 E EGL_adreno: tid 2965: eglSurfaceAttrib(1328): error 0x3009 (EGL_BAD_MATCH)
02-21 23:58:24.815  2937     0 E Go      : panic: runtime error: invalid memory address or nil pointer dereference
02-21 23:58:24.815  2937     0 E Go      : [signal SIGSEGV: segmentation violation code=0x1 addr=0x70 pc=0x7fffd95118c3]
02-21 23:58:24.815  2937     0 E Go      : 
02-21 23:58:24.815  2937     0 E Go      : goroutine 54 [running]:
02-21 23:58:24.815  2937     0 E Go      : main.NewP2PServer(0x7fffd9996180, 0xc0000a0000, 0xc00009ad20, 0xc00009af30, 0x0, 0x0, 0x0, 0x0, 0xc0003a60a0, 0xc0003a60a0, ...)
02-21 23:58:24.815  2937     0 E Go      : 	E:/GOPATH/src/p2pDemo/androidP2PDemo/myhost.go:68 +0x4e3
02-21 23:58:24.815  2937     0 E Go      : main.main.func1()
02-21 23:58:24.815  2937     0 E Go      : 	E:/GOPATH/src/p2pDemo/androidP2PDemo/main.go:52 +0xa5
02-21 23:58:24.815  2937     0 E Go      : fyne.io/fyne/v2/widget.(*Button).Tapped(0xc0003a60a0, 0xc001b81550)
02-21 23:58:24.815  2937     0 E Go      : 	E:/GOPATH/pkg/mod/fyne.io/fyne/v2@v2.0.0/widget/button.go:175 +0x74
02-21 23:58:24.815  2937     0 E Go      : created by fyne.io/fyne/v2/internal/driver/gomobile.(*mobileDriver).tapUpCanvas.func1
02-21 23:58:24.815  2937     0 E Go      : 	E:/GOPATH/pkg/mod/fyne.io/fyne/v2@v2.0.0/internal/driver/gomobile/driver.go:269 +0x4f
02-21 23:58:24.815  2937  2957 F libc    : Fatal signal 6 (SIGABRT), code -6 in tid 2957 (Thread-4)
02-21 23:58:24.873  2966  2966 F DEBUG   : *** *** *** *** *** *** *** *** *** *** *** *** *** *** *** ***
02-21 23:58:24.873  2966  2966 F DEBUG   : Build fingerprint: 'google/android_x86_64/x86_64:7.1.2/N2G47O/3636322:/release-keys'
02-21 23:58:24.873  2966  2966 F DEBUG   : Revision: '0'
02-21 23:58:24.873  2966  2966 F DEBUG   : ABI: 'x86_64'
02-21 23:58:24.873  2966  2966 F DEBUG   : pid: 2937, tid: 2957, name: Thread-4  >>> com.example.androidP2PDemo <<<
02-21 23:58:24.873  2966  2966 F DEBUG   : signal 6 (SIGABRT), code -6 (SI_TKILL), fault addr --------
02-21 23:58:24.873  2966  2966 F DEBUG   :     rax 0000000000000000  rbx 0000000000000000  rcx ffffffffffffffff  rdx 0000000000000006
02-21 23:58:24.873  2966  2966 F DEBUG   :     rsi 0000000000000b8d  rdi 0000000000000b79
02-21 23:58:24.873  2966  2966 F DEBUG   :     r8  00007fffd9519bdc  r9  0000000000000056  r10 0000000000000008  r11 0000000000000246
02-21 23:58:24.873  2966  2966 F DEBUG   :     r12 0000000000000b79  r13 00007fffd9f184a0  r14 0000000000000000  r15 00007fffd8e8b100
02-21 23:58:24.873  2966  2966 F DEBUG   :     cs  0000000000000033  ss  000000000000002b
02-21 23:58:24.873  2966  2966 F DEBUG   :     rip 00007fffd8e8c941  rbp 000000c0020f9c08  rsp 000000c0020f9bf0  eflags 0000000000000246
02-21 23:58:24.875  2966  2966 F DEBUG   : 
02-21 23:58:24.875  2966  2966 F DEBUG   : backtrace:
02-21 23:58:24.875  2966  2966 F DEBUG   :     #00 pc 0000000000626941  /data/app/com.example.androidP2PDemo-1/lib/x86_64/libandroidP2PDemo.so (runtime.raise+33)
02-21 23:58:24.875  2966  2966 F DEBUG   :     #01 pc 00000000005ef4cc  /data/app/com.example.androidP2PDemo-1/lib/x86_64/libandroidP2PDemo.so (runtime.fatalpanic+172)
02-21 23:58:24.875  2966  2966 F DEBUG   :     #02 pc 00000000005eee04  /data/app/com.example.androidP2PDemo-1/lib/x86_64/libandroidP2PDemo.so (runtime.gopanic+1348)
02-21 23:58:24.875  2966  2966 F DEBUG   :     #03 pc 0000000000604d32  /data/app/com.example.androidP2PDemo-1/lib/x86_64/libandroidP2PDemo.so (runtime.sigpanic+1042)
02-21 23:58:24.875  2966  2966 F DEBUG   :     #04 pc 0000000000cab8c2  /data/app/com.example.androidP2PDemo-1/lib/x86_64/libandroidP2PDemo.so (main.NewP2PServer+1250)
02-21 23:58:24.875  2966  2966 F DEBUG   :     #05 pc 0000000000cac544  /data/app/com.example.androidP2PDemo-1/lib/x86_64/libandroidP2PDemo.so (main.main.func1+164)
02-21 23:58:24.875  2966  2966 F DEBUG   :     #06 pc 00000000009a4833  /data/app/com.example.androidP2PDemo-1/lib/x86_64/libandroidP2PDemo.so (fyne.io/fyne/v2/widget.(*Button).Tapped+115)
02-21 23:58:24.875  2966  2966 F DEBUG   :     #07 pc 0000000000625100  /data/app/com.example.androidP2PDemo-1/lib/x86_64/libandroidP2PDemo.so (runtime.goexit)
02-21 23:58:25.305  1448  1523 E InputDispatcher: channel 'e3f5e00 com.example.androidP2PDemo/org.golang.app.GoNativeActivity (server)' ~ Channel is unrecoverably broken and will be disposed!
02-21 23:58:25.495  1448  2583 E EGL_adreno: tid 2583: eglSurfaceAttrib(1328): error 0x3009 (EGL_BAD_MATCH)
02-21 23:58:25.560  1913  2150 E EGL_adreno: tid 2150: eglSurfaceAttrib(1328): error 0x3009 (EGL_BAD_MATCH)
02-22 00:02:16.570  1448  1465 E BatteryStatsService: no controller energy info supplied
02-22 00:02:16.570  1448  1465 E BatteryStatsService: no controller energy info supplied
02-22 00:02:16.604  1765  1765 E PhoneInterfaceManager: [PhoneIntfMgr] queryModemActivityInfo: Empty response
02-22 00:02:16.607  1448  1465 E KernelCpuSpeedReader: Failed to read cpu-freq: /sys/devices/system/cpu/cpu0/cpufreq/stats/time_in_state (No such file or directory)
02-22 00:02:16.607  1448  1465 E BatteryStatsService: modem info is invalid: ModemActivityInfo{ mTimestamp=0 mSleepTimeMs=0 mIdleTimeMs=0 mTxTimeMs[]=[0, 0, 0, 0, 0] mRxTimeMs=0 mEnergyUsed=0}
02-22 00:05:50.469  2976  2976 E memtrack: Couldn't load memtrack module (No such file or directory)
02-22 00:05:50.469  2976  2976 E android.os.Debug: failed to load memtrack module: -2
02-22 00:05:53.385  1765  1765 E PhoneInterfaceManager: [PhoneIntfMgr] getCarrierPackageNamesForIntent: No UICC
02-22 00:05:53.385  1765  1765 E PhoneInterfaceManager: [PhoneIntfMgr] getCarrierPackageNamesForIntent: No UICC
02-22 00:05:54.801  3016  3016 E memtrack: Couldn't load memtrack module (No such file or directory)
02-22 00:05:54.801  3016  3016 E android.os.Debug: failed to load memtrack module: -2
02-22 00:05:58.208  3036     0 E Go      : panic: runtime error: invalid memory address or nil pointer dereference
02-22 00:05:58.208  3036     0 E Go      : [signal SIGSEGV: segmentation violation code=0x1 addr=0x70 pc=0x7fffd951178b]
02-22 00:05:58.208  3036     0 E Go      : 
02-22 00:05:58.208  3036     0 E Go      : goroutine 32 [running]:
02-22 00:05:58.208  3036     0 E Go      : main.NewP2PServer(0x7fffd9996260, 0xc0000a0000, 0xc00009ad20, 0xc00009af30, 0x1, 0x0, 0x0, 0x0, 0x7fffd9147410, 0xc0003b0000, ...)
02-22 00:05:58.208  3036     0 E Go      : 	E:/GOPATH/src/p2pDemo/androidP2PDemo/myhost.go:68 +0x44b
02-22 00:05:58.208  3036     0 E Go      : main.main.func3()
02-22 00:05:58.208  3036     0 E Go      : 	E:/GOPATH/src/p2pDemo/androidP2PDemo/main.go:82 +0xb5
02-22 00:05:58.208  3036     0 E Go      : fyne.io/fyne/v2/widget.(*Button).Tapped(0xc0003a8320, 0xc0013e9cb0)
02-22 00:05:58.208  3036     0 E Go      : 	E:/GOPATH/pkg/mod/fyne.io/fyne/v2@v2.0.0/widget/button.go:175 +0x74
02-22 00:05:58.208  3036     0 E Go      : created by fyne.io/fyne/v2/internal/driver/gomobile.(*mobileDriver).tapUpCanvas.func1
02-22 00:05:58.208  3036     0 E Go      : 	E:/GOPATH/pkg/mod/fyne.io/fyne/v2@v2.0.0/internal/driver/gomobile/driver.go:269 +0x4f
02-22 00:05:58.209  3036  3062 F libc    : Fatal signal 6 (SIGABRT), code -6 in tid 3062 (.androidP2PDemo)
02-22 00:05:58.216  3064  3064 F DEBUG   : *** *** *** *** *** *** *** *** *** *** *** *** *** *** *** ***
02-22 00:05:58.216  3064  3064 F DEBUG   : Build fingerprint: 'google/android_x86_64/x86_64:7.1.2/N2G47O/3636322:/release-keys'
02-22 00:05:58.216  3064  3064 F DEBUG   : Revision: '0'
02-22 00:05:58.216  3064  3064 F DEBUG   : ABI: 'x86_64'
02-22 00:05:58.216  3064  3064 F DEBUG   : pid: 3036, tid: 3062, name: .androidP2PDemo  >>> com.example.androidP2PDemo <<<
02-22 00:05:58.216  3064  3064 F DEBUG   : signal 6 (SIGABRT), code -6 (SI_TKILL), fault addr --------
02-22 00:05:58.216  3064  3064 F DEBUG   :     rax 0000000000000000  rbx 0000000000000000  rcx ffffffffffffffff  rdx 0000000000000006
02-22 00:05:58.216  3064  3064 F DEBUG   :     rsi 0000000000000bf6  rdi 0000000000000bdc
02-22 00:05:58.216  3064  3064 F DEBUG   :     r8  00007fffd951971c  r9  0000000000000056  r10 0000000000000008  r11 0000000000000246
02-22 00:05:58.216  3064  3064 F DEBUG   :     r12 0000000000000bdc  r13 00007fffd9f184a0  r14 0000000000000000  r15 00007fffd8e8b060
02-22 00:05:58.216  3064  3064 F DEBUG   :     cs  0000000000000033  ss  000000000000002b
02-22 00:05:58.216  3064  3064 F DEBUG   :     rip 00007fffd8e8c8a1  rbp 000000c001a7dbd0  rsp 000000c001a7dbb8  eflags 0000000000000246
02-22 00:05:58.216  3064  3064 F DEBUG   : 
02-22 00:05:58.216  3064  3064 F DEBUG   : backtrace:
02-22 00:05:58.216  3064  3064 F DEBUG   :     #00 pc 00000000006268a1  /data/app/com.example.androidP2PDemo-2/lib/x86_64/libandroidP2PDemo.so (runtime.raise+33)
02-22 00:05:58.216  3064  3064 F DEBUG   :     #01 pc 00000000005ef42c  /data/app/com.example.androidP2PDemo-2/lib/x86_64/libandroidP2PDemo.so (runtime.fatalpanic+172)
02-22 00:05:58.216  3064  3064 F DEBUG   :     #02 pc 00000000005eed64  /data/app/com.example.androidP2PDemo-2/lib/x86_64/libandroidP2PDemo.so (runtime.gopanic+1348)
02-22 00:05:58.216  3064  3064 F DEBUG   :     #03 pc 0000000000604c92  /data/app/com.example.androidP2PDemo-2/lib/x86_64/libandroidP2PDemo.so (runtime.sigpanic+1042)
02-22 00:05:58.216  3064  3064 F DEBUG   :     #04 pc 0000000000cab78a  /data/app/com.example.androidP2PDemo-2/lib/x86_64/libandroidP2PDemo.so (main.NewP2PServer+1098)
02-22 00:05:58.216  3064  3064 F DEBUG   :     #05 pc 0000000000cac754  /data/app/com.example.androidP2PDemo-2/lib/x86_64/libandroidP2PDemo.so (main.main.func3+180)
02-22 00:05:58.217  3064  3064 F DEBUG   :     #06 pc 00000000009a4793  /data/app/com.example.androidP2PDemo-2/lib/x86_64/libandroidP2PDemo.so (fyne.io/fyne/v2/widget.(*Button).Tapped+115)
02-22 00:05:58.217  3064  3064 F DEBUG   :     #07 pc 0000000000625060  /data/app/com.example.androidP2PDemo-2/lib/x86_64/libandroidP2PDemo.so (runtime.goexit)
02-22 00:05:58.620  1448  3070 E JavaBinder: !!! FAILED BINDER TRANSACTION !!!  (parcel size = 112)
02-22 00:05:58.621  1448  1469 E JavaBinder: !!! FAILED BINDER TRANSACTION !!!  (parcel size = 60)
02-22 00:05:58.635  1448  1523 E InputDispatcher: channel '85410a1 com.example.androidP2PDemo/org.golang.app.GoNativeActivity (server)' ~ Channel is unrecoverably broken and will be disposed!
02-22 00:05:58.745  1245  1245 E lowmemorykiller: Error opening /proc/3036/oom_score_adj; errno=2
02-22 00:05:58.936  1913  2150 E EGL_adreno: tid 2150: eglSurfaceAttrib(1328): error 0x3009 (EGL_BAD_MATCH)
02-22 00:05:58.955  1448  2583 E EGL_adreno: tid 2583: eglSurfaceAttrib(1328): error 0x3009 (EGL_BAD_MATCH)
02-22 00:14:02.509  3073  3073 E memtrack: Couldn't load memtrack module (No such file or directory)
02-22 00:14:02.509  3073  3073 E android.os.Debug: failed to load memtrack module: -2
02-22 00:14:03.759  1765  1765 E PhoneInterfaceManager: [PhoneIntfMgr] getCarrierPackageNamesForIntent: No UICC
02-22 00:14:03.759  1765  1765 E PhoneInterfaceManager: [PhoneIntfMgr] getCarrierPackageNamesForIntent: No UICC
02-22 00:14:04.856  3110  3110 E memtrack: Couldn't load memtrack module (No such file or directory)
02-22 00:14:04.856  3110  3110 E android.os.Debug: failed to load memtrack module: -2
02-22 00:14:10.482  3131     0 E Go      : panic: runtime error: invalid memory address or nil pointer dereference
02-22 00:14:10.482  3131     0 E Go      : [signal SIGSEGV: segmentation violation code=0x1 addr=0x70 pc=0x7fffd951178b]
02-22 00:14:10.482  3131     0 E Go      : 
02-22 00:14:10.482  3131     0 E Go      : goroutine 52 [running]:
02-22 00:14:10.482  3131     0 E Go      : main.NewP2PServer(0x7fffd9996260, 0xc0000a0000, 0xc000312150, 0xc000312270, 0x1, 0x0, 0x0, 0x0, 0x7fffd9147410, 0xc00007a100, ...)
02-22 00:14:10.482  3131     0 E Go      : 	E:/GOPATH/src/p2pDemo/androidP2PDemo/myhost.go:67 +0x44b
02-22 00:14:10.482  3131     0 E Go      : main.main.func3()
02-22 00:14:10.482  3131     0 E Go      : 	E:/GOPATH/src/p2pDemo/androidP2PDemo/main.go:82 +0xb5
02-22 00:14:10.482  3131     0 E Go      : fyne.io/fyne/v2/widget.(*Button).Tapped(0xc0000b8280, 0xc000b9b0c0)
02-22 00:14:10.482  3131     0 E Go      : 	E:/GOPATH/pkg/mod/fyne.io/fyne/v2@v2.0.0/widget/button.go:175 +0x74
02-22 00:14:10.482  3131     0 E Go      : created by fyne.io/fyne/v2/internal/driver/gomobile.(*mobileDriver).tapUpCanvas.func1
02-22 00:14:10.482  3131     0 E Go      : 	E:/GOPATH/pkg/mod/fyne.io/fyne/v2@v2.0.0/internal/driver/gomobile/driver.go:269 +0x4f
02-22 00:14:10.482  3131  3156 F libc    : Fatal signal 6 (SIGABRT), code -6 in tid 3156 (.androidP2PDemo)
02-22 00:14:10.557  3159  3159 F DEBUG   : *** *** *** *** *** *** *** *** *** *** *** *** *** *** *** ***
02-22 00:14:10.557  3159  3159 F DEBUG   : Build fingerprint: 'google/android_x86_64/x86_64:7.1.2/N2G47O/3636322:/release-keys'
02-22 00:14:10.557  3159  3159 F DEBUG   : Revision: '0'
02-22 00:14:10.557  3159  3159 F DEBUG   : ABI: 'x86_64'
02-22 00:14:10.557  3159  3159 F DEBUG   : pid: 3131, tid: 3156, name: .androidP2PDemo  >>> com.example.androidP2PDemo <<<
02-22 00:14:10.557  3159  3159 F DEBUG   : signal 6 (SIGABRT), code -6 (SI_TKILL), fault addr --------
02-22 00:14:10.557  3159  3159 F DEBUG   :     rax 0000000000000000  rbx 0000000000000000  rcx ffffffffffffffff  rdx 0000000000000006
02-22 00:14:10.557  3159  3159 F DEBUG   :     rsi 0000000000000c54  rdi 0000000000000c3b
02-22 00:14:10.557  3159  3159 F DEBUG   :     r8  00007fffd95196fc  r9  0000000000000056  r10 0000000000000008  r11 0000000000000246
02-22 00:14:10.557  3159  3159 F DEBUG   :     r12 0000000000000c3b  r13 00007fffd9f184a0  r14 0000000000000000  r15 00007fffd8e8b060
02-22 00:14:10.557  3159  3159 F DEBUG   :     cs  0000000000000033  ss  000000000000002b
02-22 00:14:10.557  3159  3159 F DEBUG   :     rip 00007fffd8e8c8a1  rbp 000000c001af1bd0  rsp 000000c001af1bb8  eflags 0000000000000246
02-22 00:14:10.559  3159  3159 F DEBUG   : 
02-22 00:14:10.559  3159  3159 F DEBUG   : backtrace:
02-22 00:14:10.559  3159  3159 F DEBUG   :     #00 pc 00000000006268a1  /data/app/com.example.androidP2PDemo-1/lib/x86_64/libandroidP2PDemo.so (runtime.raise+33)
02-22 00:14:10.559  3159  3159 F DEBUG   :     #01 pc 00000000005ef42c  /data/app/com.example.androidP2PDemo-1/lib/x86_64/libandroidP2PDemo.so (runtime.fatalpanic+172)
02-22 00:14:10.559  3159  3159 F DEBUG   :     #02 pc 00000000005eed64  /data/app/com.example.androidP2PDemo-1/lib/x86_64/libandroidP2PDemo.so (runtime.gopanic+1348)
02-22 00:14:10.559  3159  3159 F DEBUG   :     #03 pc 0000000000604c92  /data/app/com.example.androidP2PDemo-1/lib/x86_64/libandroidP2PDemo.so (runtime.sigpanic+1042)
02-22 00:14:10.559  3159  3159 F DEBUG   :     #04 pc 0000000000cab78a  /data/app/com.example.androidP2PDemo-1/lib/x86_64/libandroidP2PDemo.so (main.NewP2PServer+1098)
02-22 00:14:10.559  3159  3159 F DEBUG   :     #05 pc 0000000000cac734  /data/app/com.example.androidP2PDemo-1/lib/x86_64/libandroidP2PDemo.so (main.main.func3+180)
02-22 00:14:10.559  3159  3159 F DEBUG   :     #06 pc 00000000009a4793  /data/app/com.example.androidP2PDemo-1/lib/x86_64/libandroidP2PDemo.so (fyne.io/fyne/v2/widget.(*Button).Tapped+115)
02-22 00:14:10.559  3159  3159 F DEBUG   :     #07 pc 0000000000625060  /data/app/com.example.androidP2PDemo-1/lib/x86_64/libandroidP2PDemo.so (runtime.goexit)
02-22 00:14:10.915  1448  1523 E InputDispatcher: channel 'c1209d1 com.example.androidP2PDemo/org.golang.app.GoNativeActivity (server)' ~ Channel is unrecoverably broken and will be disposed!
02-22 00:14:11.109  1913  2150 E EGL_adreno: tid 2150: eglSurfaceAttrib(1328): error 0x3009 (EGL_BAD_MATCH)
02-22 00:14:11.123  1448  2583 E EGL_adreno: tid 2583: eglSurfaceAttrib(1328): error 0x3009 (EGL_BAD_MATCH)
02-22 00:32:16.459  1448  1465 E BatteryStatsService: no controller energy info supplied
02-22 00:32:16.459  1448  1465 E BatteryStatsService: no controller energy info supplied
02-22 00:32:16.463  1765  1765 E PhoneInterfaceManager: [PhoneIntfMgr] queryModemActivityInfo: Empty response
02-22 00:32:16.488  1448  1465 E KernelCpuSpeedReader: Failed to read cpu-freq: /sys/devices/system/cpu/cpu0/cpufreq/stats/time_in_state (No such file or directory)
02-22 00:32:16.488  1448  1465 E BatteryStatsService: modem info is invalid: ModemActivityInfo{ mTimestamp=0 mSleepTimeMs=0 mIdleTimeMs=0 mTxTimeMs[]=[0, 0, 0, 0, 0] mRxTimeMs=0 mEnergyUsed=0}
